ARM GAS  C:\Users\humon\AppData\Local\Temp\cc6IJ6Tm.s 			page 1


   1              		.cpu cortex-m0
   2              		.fpu softvfp
   3              		.eabi_attribute 20, 1
   4              		.eabi_attribute 21, 1
   5              		.eabi_attribute 23, 3
   6              		.eabi_attribute 24, 1
   7              		.eabi_attribute 25, 1
   8              		.eabi_attribute 26, 1
   9              		.eabi_attribute 30, 6
  10              		.eabi_attribute 34, 0
  11              		.eabi_attribute 18, 4
  12              		.code	16
  13              		.file	"I2CM_I2C.c"
  14              		.text
  15              	.Ltext0:
  16              		.cfi_sections	.debug_frame
  17              		.comm	I2CM_state,1,1
  18              		.section	.text.I2CM_I2CInit,"ax",%progbits
  19              		.align	2
  20              		.global	I2CM_I2CInit
  21              		.code	16
  22              		.thumb_func
  23              		.type	I2CM_I2CInit, %function
  24              	I2CM_I2CInit:
  25              	.LFB2:
  26              		.file 1 ".\\Generated_Source\\PSoC4\\I2CM_I2C.c"
   1:.\Generated_Source\PSoC4/I2CM_I2C.c **** /***************************************************************************//**
   2:.\Generated_Source\PSoC4/I2CM_I2C.c **** * \file I2CM_I2C.c
   3:.\Generated_Source\PSoC4/I2CM_I2C.c **** * \version 3.20
   4:.\Generated_Source\PSoC4/I2CM_I2C.c **** *
   5:.\Generated_Source\PSoC4/I2CM_I2C.c **** * \brief
   6:.\Generated_Source\PSoC4/I2CM_I2C.c **** *  This file provides the source code to the API for the SCB Component in
   7:.\Generated_Source\PSoC4/I2CM_I2C.c **** *  I2C mode.
   8:.\Generated_Source\PSoC4/I2CM_I2C.c **** *
   9:.\Generated_Source\PSoC4/I2CM_I2C.c **** * Note:
  10:.\Generated_Source\PSoC4/I2CM_I2C.c **** *
  11:.\Generated_Source\PSoC4/I2CM_I2C.c **** *******************************************************************************
  12:.\Generated_Source\PSoC4/I2CM_I2C.c **** * \copyright
  13:.\Generated_Source\PSoC4/I2CM_I2C.c **** * Copyright 2013-2016, Cypress Semiconductor Corporation.  All rights reserved.
  14:.\Generated_Source\PSoC4/I2CM_I2C.c **** * You may use this file only in accordance with the license, terms, conditions,
  15:.\Generated_Source\PSoC4/I2CM_I2C.c **** * disclaimers, and limitations in the end user license agreement accompanying
  16:.\Generated_Source\PSoC4/I2CM_I2C.c **** * the software package with which this file was provided.
  17:.\Generated_Source\PSoC4/I2CM_I2C.c **** *******************************************************************************/
  18:.\Generated_Source\PSoC4/I2CM_I2C.c **** 
  19:.\Generated_Source\PSoC4/I2CM_I2C.c **** #include "I2CM_PVT.h"
  20:.\Generated_Source\PSoC4/I2CM_I2C.c **** #include "I2CM_I2C_PVT.h"
  21:.\Generated_Source\PSoC4/I2CM_I2C.c **** 
  22:.\Generated_Source\PSoC4/I2CM_I2C.c **** 
  23:.\Generated_Source\PSoC4/I2CM_I2C.c **** /***************************************
  24:.\Generated_Source\PSoC4/I2CM_I2C.c **** *      I2C Private Vars
  25:.\Generated_Source\PSoC4/I2CM_I2C.c **** ***************************************/
  26:.\Generated_Source\PSoC4/I2CM_I2C.c **** 
  27:.\Generated_Source\PSoC4/I2CM_I2C.c **** volatile uint8 I2CM_state;  /* Current state of I2C FSM */
  28:.\Generated_Source\PSoC4/I2CM_I2C.c **** 
  29:.\Generated_Source\PSoC4/I2CM_I2C.c **** #if(I2CM_SCB_MODE_UNCONFIG_CONST_CFG)
  30:.\Generated_Source\PSoC4/I2CM_I2C.c **** 
  31:.\Generated_Source\PSoC4/I2CM_I2C.c ****     /***************************************
ARM GAS  C:\Users\humon\AppData\Local\Temp\cc6IJ6Tm.s 			page 2


  32:.\Generated_Source\PSoC4/I2CM_I2C.c ****     *  Configuration Structure Initialization
  33:.\Generated_Source\PSoC4/I2CM_I2C.c ****     ***************************************/
  34:.\Generated_Source\PSoC4/I2CM_I2C.c **** 
  35:.\Generated_Source\PSoC4/I2CM_I2C.c ****     /* Constant configuration of I2C */
  36:.\Generated_Source\PSoC4/I2CM_I2C.c ****     const I2CM_I2C_INIT_STRUCT I2CM_configI2C =
  37:.\Generated_Source\PSoC4/I2CM_I2C.c ****     {
  38:.\Generated_Source\PSoC4/I2CM_I2C.c ****         I2CM_I2C_MODE,
  39:.\Generated_Source\PSoC4/I2CM_I2C.c ****         I2CM_I2C_OVS_FACTOR_LOW,
  40:.\Generated_Source\PSoC4/I2CM_I2C.c ****         I2CM_I2C_OVS_FACTOR_HIGH,
  41:.\Generated_Source\PSoC4/I2CM_I2C.c ****         I2CM_I2C_MEDIAN_FILTER_ENABLE,
  42:.\Generated_Source\PSoC4/I2CM_I2C.c ****         I2CM_I2C_SLAVE_ADDRESS,
  43:.\Generated_Source\PSoC4/I2CM_I2C.c ****         I2CM_I2C_SLAVE_ADDRESS_MASK,
  44:.\Generated_Source\PSoC4/I2CM_I2C.c ****         I2CM_I2C_ACCEPT_ADDRESS,
  45:.\Generated_Source\PSoC4/I2CM_I2C.c ****         I2CM_I2C_WAKE_ENABLE,
  46:.\Generated_Source\PSoC4/I2CM_I2C.c ****         I2CM_I2C_BYTE_MODE_ENABLE,
  47:.\Generated_Source\PSoC4/I2CM_I2C.c ****         I2CM_I2C_DATA_RATE,
  48:.\Generated_Source\PSoC4/I2CM_I2C.c ****         I2CM_I2C_ACCEPT_GENERAL_CALL,
  49:.\Generated_Source\PSoC4/I2CM_I2C.c ****     };
  50:.\Generated_Source\PSoC4/I2CM_I2C.c **** 
  51:.\Generated_Source\PSoC4/I2CM_I2C.c ****     /*******************************************************************************
  52:.\Generated_Source\PSoC4/I2CM_I2C.c ****     * Function Name: I2CM_I2CInit
  53:.\Generated_Source\PSoC4/I2CM_I2C.c ****     ****************************************************************************//**
  54:.\Generated_Source\PSoC4/I2CM_I2C.c ****     *
  55:.\Generated_Source\PSoC4/I2CM_I2C.c ****     *
  56:.\Generated_Source\PSoC4/I2CM_I2C.c ****     *  Configures the I2CM for I2C operation.
  57:.\Generated_Source\PSoC4/I2CM_I2C.c ****     *
  58:.\Generated_Source\PSoC4/I2CM_I2C.c ****     *  This function is intended specifically to be used when the I2CM 
  59:.\Generated_Source\PSoC4/I2CM_I2C.c ****     *  configuration is set to “Unconfigured I2CM” in the customizer. 
  60:.\Generated_Source\PSoC4/I2CM_I2C.c ****     *  After initializing the I2CM in I2C mode using this function, 
  61:.\Generated_Source\PSoC4/I2CM_I2C.c ****     *  the component can be enabled using the I2CM_Start() or 
  62:.\Generated_Source\PSoC4/I2CM_I2C.c ****     * I2CM_Enable() function.
  63:.\Generated_Source\PSoC4/I2CM_I2C.c ****     *  This function uses a pointer to a structure that provides the configuration 
  64:.\Generated_Source\PSoC4/I2CM_I2C.c ****     *  settings. This structure contains the same information that would otherwise 
  65:.\Generated_Source\PSoC4/I2CM_I2C.c ****     *  be provided by the customizer settings.
  66:.\Generated_Source\PSoC4/I2CM_I2C.c ****     *
  67:.\Generated_Source\PSoC4/I2CM_I2C.c ****     *  \param config: pointer to a structure that contains the following list of 
  68:.\Generated_Source\PSoC4/I2CM_I2C.c ****     *   fields. These fields match the selections available in the customizer. 
  69:.\Generated_Source\PSoC4/I2CM_I2C.c ****     *   Refer to the customizer for further description of the settings.
  70:.\Generated_Source\PSoC4/I2CM_I2C.c ****     *
  71:.\Generated_Source\PSoC4/I2CM_I2C.c ****     *******************************************************************************/
  72:.\Generated_Source\PSoC4/I2CM_I2C.c ****     void I2CM_I2CInit(const I2CM_I2C_INIT_STRUCT *config)
  73:.\Generated_Source\PSoC4/I2CM_I2C.c ****     {
  74:.\Generated_Source\PSoC4/I2CM_I2C.c ****         uint32 medianFilter;
  75:.\Generated_Source\PSoC4/I2CM_I2C.c ****         uint32 locEnableWake;
  76:.\Generated_Source\PSoC4/I2CM_I2C.c **** 
  77:.\Generated_Source\PSoC4/I2CM_I2C.c ****         if(NULL == config)
  78:.\Generated_Source\PSoC4/I2CM_I2C.c ****         {
  79:.\Generated_Source\PSoC4/I2CM_I2C.c ****             CYASSERT(0u != 0u); /* Halt execution due to bad function parameter */
  80:.\Generated_Source\PSoC4/I2CM_I2C.c ****         }
  81:.\Generated_Source\PSoC4/I2CM_I2C.c ****         else
  82:.\Generated_Source\PSoC4/I2CM_I2C.c ****         {
  83:.\Generated_Source\PSoC4/I2CM_I2C.c ****             /* Configure pins */
  84:.\Generated_Source\PSoC4/I2CM_I2C.c ****             I2CM_SetPins(I2CM_SCB_MODE_I2C, I2CM_DUMMY_PARAM,
  85:.\Generated_Source\PSoC4/I2CM_I2C.c ****                                      I2CM_DUMMY_PARAM);
  86:.\Generated_Source\PSoC4/I2CM_I2C.c **** 
  87:.\Generated_Source\PSoC4/I2CM_I2C.c ****             /* Store internal configuration */
  88:.\Generated_Source\PSoC4/I2CM_I2C.c ****             I2CM_scbMode       = (uint8) I2CM_SCB_MODE_I2C;
ARM GAS  C:\Users\humon\AppData\Local\Temp\cc6IJ6Tm.s 			page 3


  89:.\Generated_Source\PSoC4/I2CM_I2C.c ****             I2CM_scbEnableWake = (uint8) config->enableWake;
  90:.\Generated_Source\PSoC4/I2CM_I2C.c ****             I2CM_scbEnableIntr = (uint8) I2CM_SCB_IRQ_INTERNAL;
  91:.\Generated_Source\PSoC4/I2CM_I2C.c **** 
  92:.\Generated_Source\PSoC4/I2CM_I2C.c ****             I2CM_mode          = (uint8) config->mode;
  93:.\Generated_Source\PSoC4/I2CM_I2C.c ****             I2CM_acceptAddr    = (uint8) config->acceptAddr;
  94:.\Generated_Source\PSoC4/I2CM_I2C.c **** 
  95:.\Generated_Source\PSoC4/I2CM_I2C.c ****         #if (I2CM_CY_SCBIP_V0)
  96:.\Generated_Source\PSoC4/I2CM_I2C.c ****             /* Adjust SDA filter settings. Ticket ID#150521 */
  97:.\Generated_Source\PSoC4/I2CM_I2C.c ****             I2CM_SET_I2C_CFG_SDA_FILT_TRIM(I2CM_EC_AM_I2C_CFG_SDA_FILT_TRIM);
  98:.\Generated_Source\PSoC4/I2CM_I2C.c ****         #endif /* (I2CM_CY_SCBIP_V0) */
  99:.\Generated_Source\PSoC4/I2CM_I2C.c **** 
 100:.\Generated_Source\PSoC4/I2CM_I2C.c ****             /* Adjust AF and DF filter settings. Ticket ID#176179 */
 101:.\Generated_Source\PSoC4/I2CM_I2C.c ****             if (((I2CM_I2C_MODE_SLAVE != config->mode) &&
 102:.\Generated_Source\PSoC4/I2CM_I2C.c ****                  (config->dataRate <= I2CM_I2C_DATA_RATE_FS_MODE_MAX)) ||
 103:.\Generated_Source\PSoC4/I2CM_I2C.c ****                  (I2CM_I2C_MODE_SLAVE == config->mode))
 104:.\Generated_Source\PSoC4/I2CM_I2C.c ****             {
 105:.\Generated_Source\PSoC4/I2CM_I2C.c ****                 /* AF = 1, DF = 0 */
 106:.\Generated_Source\PSoC4/I2CM_I2C.c ****                 I2CM_I2C_CFG_ANALOG_FITER_ENABLE;
 107:.\Generated_Source\PSoC4/I2CM_I2C.c ****                 medianFilter = I2CM_DIGITAL_FILTER_DISABLE;
 108:.\Generated_Source\PSoC4/I2CM_I2C.c ****             }
 109:.\Generated_Source\PSoC4/I2CM_I2C.c ****             else
 110:.\Generated_Source\PSoC4/I2CM_I2C.c ****             {
 111:.\Generated_Source\PSoC4/I2CM_I2C.c ****                 /* AF = 0, DF = 1 */
 112:.\Generated_Source\PSoC4/I2CM_I2C.c ****                 I2CM_I2C_CFG_ANALOG_FITER_DISABLE;
 113:.\Generated_Source\PSoC4/I2CM_I2C.c ****                 medianFilter = I2CM_DIGITAL_FILTER_ENABLE;
 114:.\Generated_Source\PSoC4/I2CM_I2C.c ****             }
 115:.\Generated_Source\PSoC4/I2CM_I2C.c **** 
 116:.\Generated_Source\PSoC4/I2CM_I2C.c ****         #if (!I2CM_CY_SCBIP_V0)
 117:.\Generated_Source\PSoC4/I2CM_I2C.c ****             locEnableWake = (I2CM_I2C_MULTI_MASTER_SLAVE) ? (0u) : (config->enableWake);
 118:.\Generated_Source\PSoC4/I2CM_I2C.c ****         #else
 119:.\Generated_Source\PSoC4/I2CM_I2C.c ****             locEnableWake = config->enableWake;
 120:.\Generated_Source\PSoC4/I2CM_I2C.c ****         #endif /* (!I2CM_CY_SCBIP_V0) */
 121:.\Generated_Source\PSoC4/I2CM_I2C.c **** 
 122:.\Generated_Source\PSoC4/I2CM_I2C.c ****             /* Configure I2C interface */
 123:.\Generated_Source\PSoC4/I2CM_I2C.c ****             I2CM_CTRL_REG     = I2CM_GET_CTRL_BYTE_MODE  (config->enableByteMode) |
 124:.\Generated_Source\PSoC4/I2CM_I2C.c ****                                             I2CM_GET_CTRL_ADDR_ACCEPT(config->acceptAddr)     |
 125:.\Generated_Source\PSoC4/I2CM_I2C.c ****                                             I2CM_GET_CTRL_EC_AM_MODE (locEnableWake);
 126:.\Generated_Source\PSoC4/I2CM_I2C.c **** 
 127:.\Generated_Source\PSoC4/I2CM_I2C.c ****             I2CM_I2C_CTRL_REG = I2CM_GET_I2C_CTRL_HIGH_PHASE_OVS(config->oversampleHigh) |
 128:.\Generated_Source\PSoC4/I2CM_I2C.c ****                     I2CM_GET_I2C_CTRL_LOW_PHASE_OVS (config->oversampleLow)                        
 129:.\Generated_Source\PSoC4/I2CM_I2C.c ****                     I2CM_GET_I2C_CTRL_S_GENERAL_IGNORE((uint32)(0u == config->acceptGeneralAddr))  
 130:.\Generated_Source\PSoC4/I2CM_I2C.c ****                     I2CM_GET_I2C_CTRL_SL_MSTR_MODE  (config->mode);
 131:.\Generated_Source\PSoC4/I2CM_I2C.c **** 
 132:.\Generated_Source\PSoC4/I2CM_I2C.c ****             /* Configure RX direction */
 133:.\Generated_Source\PSoC4/I2CM_I2C.c ****             I2CM_RX_CTRL_REG      = I2CM_GET_RX_CTRL_MEDIAN(medianFilter) |
 134:.\Generated_Source\PSoC4/I2CM_I2C.c ****                                                 I2CM_I2C_RX_CTRL;
 135:.\Generated_Source\PSoC4/I2CM_I2C.c ****             I2CM_RX_FIFO_CTRL_REG = I2CM_CLEAR_REG;
 136:.\Generated_Source\PSoC4/I2CM_I2C.c **** 
 137:.\Generated_Source\PSoC4/I2CM_I2C.c ****             /* Set default address and mask */
 138:.\Generated_Source\PSoC4/I2CM_I2C.c ****             I2CM_RX_MATCH_REG    = ((I2CM_I2C_SLAVE) ?
 139:.\Generated_Source\PSoC4/I2CM_I2C.c ****                                                 (I2CM_GET_I2C_8BIT_ADDRESS(config->slaveAddr) |
 140:.\Generated_Source\PSoC4/I2CM_I2C.c ****                                                  I2CM_GET_RX_MATCH_MASK(config->slaveAddrMask)) :
 141:.\Generated_Source\PSoC4/I2CM_I2C.c ****                                                 (I2CM_CLEAR_REG));
 142:.\Generated_Source\PSoC4/I2CM_I2C.c **** 
 143:.\Generated_Source\PSoC4/I2CM_I2C.c **** 
 144:.\Generated_Source\PSoC4/I2CM_I2C.c ****             /* Configure TX direction */
 145:.\Generated_Source\PSoC4/I2CM_I2C.c ****             I2CM_TX_CTRL_REG      = I2CM_I2C_TX_CTRL;
ARM GAS  C:\Users\humon\AppData\Local\Temp\cc6IJ6Tm.s 			page 4


 146:.\Generated_Source\PSoC4/I2CM_I2C.c ****             I2CM_TX_FIFO_CTRL_REG = I2CM_CLEAR_REG;
 147:.\Generated_Source\PSoC4/I2CM_I2C.c **** 
 148:.\Generated_Source\PSoC4/I2CM_I2C.c ****             /* Configure interrupt with I2C handler but do not enable it */
 149:.\Generated_Source\PSoC4/I2CM_I2C.c ****             CyIntDisable    (I2CM_ISR_NUMBER);
 150:.\Generated_Source\PSoC4/I2CM_I2C.c ****             CyIntSetPriority(I2CM_ISR_NUMBER, I2CM_ISR_PRIORITY);
 151:.\Generated_Source\PSoC4/I2CM_I2C.c ****             (void) CyIntSetVector(I2CM_ISR_NUMBER, &I2CM_I2C_ISR);
 152:.\Generated_Source\PSoC4/I2CM_I2C.c **** 
 153:.\Generated_Source\PSoC4/I2CM_I2C.c ****             /* Configure interrupt sources */
 154:.\Generated_Source\PSoC4/I2CM_I2C.c ****         #if(!I2CM_CY_SCBIP_V1)
 155:.\Generated_Source\PSoC4/I2CM_I2C.c ****             I2CM_INTR_SPI_EC_MASK_REG = I2CM_NO_INTR_SOURCES;
 156:.\Generated_Source\PSoC4/I2CM_I2C.c ****         #endif /* (!I2CM_CY_SCBIP_V1) */
 157:.\Generated_Source\PSoC4/I2CM_I2C.c **** 
 158:.\Generated_Source\PSoC4/I2CM_I2C.c ****             I2CM_INTR_I2C_EC_MASK_REG = I2CM_NO_INTR_SOURCES;
 159:.\Generated_Source\PSoC4/I2CM_I2C.c ****             I2CM_INTR_RX_MASK_REG     = I2CM_NO_INTR_SOURCES;
 160:.\Generated_Source\PSoC4/I2CM_I2C.c ****             I2CM_INTR_TX_MASK_REG     = I2CM_NO_INTR_SOURCES;
 161:.\Generated_Source\PSoC4/I2CM_I2C.c **** 
 162:.\Generated_Source\PSoC4/I2CM_I2C.c ****             I2CM_INTR_SLAVE_MASK_REG  = ((I2CM_I2C_SLAVE) ?
 163:.\Generated_Source\PSoC4/I2CM_I2C.c ****                             (I2CM_GET_INTR_SLAVE_I2C_GENERAL(config->acceptGeneralAddr) |
 164:.\Generated_Source\PSoC4/I2CM_I2C.c ****                              I2CM_I2C_INTR_SLAVE_MASK) : (I2CM_CLEAR_REG));
 165:.\Generated_Source\PSoC4/I2CM_I2C.c **** 
 166:.\Generated_Source\PSoC4/I2CM_I2C.c ****             I2CM_INTR_MASTER_MASK_REG = ((I2CM_I2C_MASTER) ?
 167:.\Generated_Source\PSoC4/I2CM_I2C.c ****                                                      (I2CM_I2C_INTR_MASTER_MASK) :
 168:.\Generated_Source\PSoC4/I2CM_I2C.c ****                                                      (I2CM_CLEAR_REG));
 169:.\Generated_Source\PSoC4/I2CM_I2C.c **** 
 170:.\Generated_Source\PSoC4/I2CM_I2C.c ****             /* Configure global variables */
 171:.\Generated_Source\PSoC4/I2CM_I2C.c ****             I2CM_state = I2CM_I2C_FSM_IDLE;
 172:.\Generated_Source\PSoC4/I2CM_I2C.c **** 
 173:.\Generated_Source\PSoC4/I2CM_I2C.c ****             /* Internal slave variables */
 174:.\Generated_Source\PSoC4/I2CM_I2C.c ****             I2CM_slStatus        = 0u;
 175:.\Generated_Source\PSoC4/I2CM_I2C.c ****             I2CM_slRdBufIndex    = 0u;
 176:.\Generated_Source\PSoC4/I2CM_I2C.c ****             I2CM_slWrBufIndex    = 0u;
 177:.\Generated_Source\PSoC4/I2CM_I2C.c ****             I2CM_slOverFlowCount = 0u;
 178:.\Generated_Source\PSoC4/I2CM_I2C.c **** 
 179:.\Generated_Source\PSoC4/I2CM_I2C.c ****             /* Internal master variables */
 180:.\Generated_Source\PSoC4/I2CM_I2C.c ****             I2CM_mstrStatus     = 0u;
 181:.\Generated_Source\PSoC4/I2CM_I2C.c ****             I2CM_mstrRdBufIndex = 0u;
 182:.\Generated_Source\PSoC4/I2CM_I2C.c ****             I2CM_mstrWrBufIndex = 0u;
 183:.\Generated_Source\PSoC4/I2CM_I2C.c ****         }
 184:.\Generated_Source\PSoC4/I2CM_I2C.c ****     }
 185:.\Generated_Source\PSoC4/I2CM_I2C.c **** 
 186:.\Generated_Source\PSoC4/I2CM_I2C.c **** #else
 187:.\Generated_Source\PSoC4/I2CM_I2C.c **** 
 188:.\Generated_Source\PSoC4/I2CM_I2C.c ****     /*******************************************************************************
 189:.\Generated_Source\PSoC4/I2CM_I2C.c ****     * Function Name: I2CM_I2CInit
 190:.\Generated_Source\PSoC4/I2CM_I2C.c ****     ****************************************************************************//**
 191:.\Generated_Source\PSoC4/I2CM_I2C.c ****     *
 192:.\Generated_Source\PSoC4/I2CM_I2C.c ****     *  Configures the SCB for the I2C operation.
 193:.\Generated_Source\PSoC4/I2CM_I2C.c ****     *
 194:.\Generated_Source\PSoC4/I2CM_I2C.c ****     *******************************************************************************/
 195:.\Generated_Source\PSoC4/I2CM_I2C.c ****     void I2CM_I2CInit(void)
 196:.\Generated_Source\PSoC4/I2CM_I2C.c ****     {
  27              		.loc 1 196 0
  28              		.cfi_startproc
  29 0000 80B5     		push	{r7, lr}
  30              		.cfi_def_cfa_offset 8
  31              		.cfi_offset 7, -8
  32              		.cfi_offset 14, -4
ARM GAS  C:\Users\humon\AppData\Local\Temp\cc6IJ6Tm.s 			page 5


  33 0002 00AF     		add	r7, sp, #0
  34              		.cfi_def_cfa_register 7
 197:.\Generated_Source\PSoC4/I2CM_I2C.c ****     #if(I2CM_CY_SCBIP_V0)
 198:.\Generated_Source\PSoC4/I2CM_I2C.c ****         /* Adjust SDA filter settings. Ticket ID#150521 */
 199:.\Generated_Source\PSoC4/I2CM_I2C.c ****         I2CM_SET_I2C_CFG_SDA_FILT_TRIM(I2CM_EC_AM_I2C_CFG_SDA_FILT_TRIM);
 200:.\Generated_Source\PSoC4/I2CM_I2C.c ****     #endif /* (I2CM_CY_SCBIP_V0) */
 201:.\Generated_Source\PSoC4/I2CM_I2C.c **** 
 202:.\Generated_Source\PSoC4/I2CM_I2C.c ****         /* Adjust AF and DF filter settings. Ticket ID#176179 */
 203:.\Generated_Source\PSoC4/I2CM_I2C.c ****         I2CM_I2C_CFG_ANALOG_FITER_ENABLE_ADJ;
 204:.\Generated_Source\PSoC4/I2CM_I2C.c **** 
 205:.\Generated_Source\PSoC4/I2CM_I2C.c ****         /* Configure I2C interface */
 206:.\Generated_Source\PSoC4/I2CM_I2C.c ****         I2CM_CTRL_REG     = I2CM_I2C_DEFAULT_CTRL;
  35              		.loc 1 206 0
  36 0004 204B     		ldr	r3, .L2
  37 0006 0022     		mov	r2, #0
  38 0008 1A60     		str	r2, [r3]
 207:.\Generated_Source\PSoC4/I2CM_I2C.c ****         I2CM_I2C_CTRL_REG = I2CM_I2C_DEFAULT_I2C_CTRL;
  39              		.loc 1 207 0
  40 000a 204B     		ldr	r3, .L2+4
  41 000c 204A     		ldr	r2, .L2+8
  42 000e 1A60     		str	r2, [r3]
 208:.\Generated_Source\PSoC4/I2CM_I2C.c **** 
 209:.\Generated_Source\PSoC4/I2CM_I2C.c ****         /* Configure RX direction */
 210:.\Generated_Source\PSoC4/I2CM_I2C.c ****         I2CM_RX_CTRL_REG      = I2CM_I2C_DEFAULT_RX_CTRL;
  43              		.loc 1 210 0
  44 0010 204B     		ldr	r3, .L2+12
  45 0012 214A     		ldr	r2, .L2+16
  46 0014 1A60     		str	r2, [r3]
 211:.\Generated_Source\PSoC4/I2CM_I2C.c ****         I2CM_RX_FIFO_CTRL_REG = I2CM_I2C_DEFAULT_RX_FIFO_CTRL;
  47              		.loc 1 211 0
  48 0016 214B     		ldr	r3, .L2+20
  49 0018 0022     		mov	r2, #0
  50 001a 1A60     		str	r2, [r3]
 212:.\Generated_Source\PSoC4/I2CM_I2C.c **** 
 213:.\Generated_Source\PSoC4/I2CM_I2C.c ****         /* Set default address and mask */
 214:.\Generated_Source\PSoC4/I2CM_I2C.c ****         I2CM_RX_MATCH_REG     = I2CM_I2C_DEFAULT_RX_MATCH;
  51              		.loc 1 214 0
  52 001c 204B     		ldr	r3, .L2+24
  53 001e 0022     		mov	r2, #0
  54 0020 1A60     		str	r2, [r3]
 215:.\Generated_Source\PSoC4/I2CM_I2C.c **** 
 216:.\Generated_Source\PSoC4/I2CM_I2C.c ****         /* Configure TX direction */
 217:.\Generated_Source\PSoC4/I2CM_I2C.c ****         I2CM_TX_CTRL_REG      = I2CM_I2C_DEFAULT_TX_CTRL;
  55              		.loc 1 217 0
  56 0022 204B     		ldr	r3, .L2+28
  57 0024 1C4A     		ldr	r2, .L2+16
  58 0026 1A60     		str	r2, [r3]
 218:.\Generated_Source\PSoC4/I2CM_I2C.c ****         I2CM_TX_FIFO_CTRL_REG = I2CM_I2C_DEFAULT_TX_FIFO_CTRL;
  59              		.loc 1 218 0
  60 0028 1F4B     		ldr	r3, .L2+32
  61 002a 0022     		mov	r2, #0
  62 002c 1A60     		str	r2, [r3]
 219:.\Generated_Source\PSoC4/I2CM_I2C.c **** 
 220:.\Generated_Source\PSoC4/I2CM_I2C.c ****         /* Configure interrupt with I2C handler but do not enable it */
 221:.\Generated_Source\PSoC4/I2CM_I2C.c ****         CyIntDisable    (I2CM_ISR_NUMBER);
  63              		.loc 1 221 0
  64 002e 0A20     		mov	r0, #10
ARM GAS  C:\Users\humon\AppData\Local\Temp\cc6IJ6Tm.s 			page 6


  65 0030 FFF7FEFF 		bl	CyIntDisable
 222:.\Generated_Source\PSoC4/I2CM_I2C.c ****         CyIntSetPriority(I2CM_ISR_NUMBER, I2CM_ISR_PRIORITY);
  66              		.loc 1 222 0
  67 0034 0A20     		mov	r0, #10
  68 0036 0321     		mov	r1, #3
  69 0038 FFF7FEFF 		bl	CyIntSetPriority
 223:.\Generated_Source\PSoC4/I2CM_I2C.c ****     #if(!I2CM_I2C_EXTERN_INTR_HANDLER)
 224:.\Generated_Source\PSoC4/I2CM_I2C.c ****         (void) CyIntSetVector(I2CM_ISR_NUMBER, &I2CM_I2C_ISR);
  70              		.loc 1 224 0
  71 003c 1B4B     		ldr	r3, .L2+36
  72 003e 0A20     		mov	r0, #10
  73 0040 191C     		mov	r1, r3
  74 0042 FFF7FEFF 		bl	CyIntSetVector
 225:.\Generated_Source\PSoC4/I2CM_I2C.c ****     #endif /* (I2CM_I2C_EXTERN_INTR_HANDLER) */
 226:.\Generated_Source\PSoC4/I2CM_I2C.c **** 
 227:.\Generated_Source\PSoC4/I2CM_I2C.c ****         /* Configure interrupt sources */
 228:.\Generated_Source\PSoC4/I2CM_I2C.c ****     #if(!I2CM_CY_SCBIP_V1)
 229:.\Generated_Source\PSoC4/I2CM_I2C.c ****         I2CM_INTR_SPI_EC_MASK_REG = I2CM_I2C_DEFAULT_INTR_SPI_EC_MASK;
  75              		.loc 1 229 0
  76 0046 1A4B     		ldr	r3, .L2+40
  77 0048 0022     		mov	r2, #0
  78 004a 1A60     		str	r2, [r3]
 230:.\Generated_Source\PSoC4/I2CM_I2C.c ****     #endif /* (!I2CM_CY_SCBIP_V1) */
 231:.\Generated_Source\PSoC4/I2CM_I2C.c **** 
 232:.\Generated_Source\PSoC4/I2CM_I2C.c ****         I2CM_INTR_I2C_EC_MASK_REG = I2CM_I2C_DEFAULT_INTR_I2C_EC_MASK;
  79              		.loc 1 232 0
  80 004c 194B     		ldr	r3, .L2+44
  81 004e 0022     		mov	r2, #0
  82 0050 1A60     		str	r2, [r3]
 233:.\Generated_Source\PSoC4/I2CM_I2C.c ****         I2CM_INTR_SLAVE_MASK_REG  = I2CM_I2C_DEFAULT_INTR_SLAVE_MASK;
  83              		.loc 1 233 0
  84 0052 194B     		ldr	r3, .L2+48
  85 0054 0022     		mov	r2, #0
  86 0056 1A60     		str	r2, [r3]
 234:.\Generated_Source\PSoC4/I2CM_I2C.c ****         I2CM_INTR_MASTER_MASK_REG = I2CM_I2C_DEFAULT_INTR_MASTER_MASK;
  87              		.loc 1 234 0
  88 0058 184B     		ldr	r3, .L2+52
  89 005a 1422     		mov	r2, #20
  90 005c FF32     		add	r2, r2, #255
  91 005e 1A60     		str	r2, [r3]
 235:.\Generated_Source\PSoC4/I2CM_I2C.c ****         I2CM_INTR_RX_MASK_REG     = I2CM_I2C_DEFAULT_INTR_RX_MASK;
  92              		.loc 1 235 0
  93 0060 174B     		ldr	r3, .L2+56
  94 0062 0022     		mov	r2, #0
  95 0064 1A60     		str	r2, [r3]
 236:.\Generated_Source\PSoC4/I2CM_I2C.c ****         I2CM_INTR_TX_MASK_REG     = I2CM_I2C_DEFAULT_INTR_TX_MASK;
  96              		.loc 1 236 0
  97 0066 174B     		ldr	r3, .L2+60
  98 0068 0022     		mov	r2, #0
  99 006a 1A60     		str	r2, [r3]
 237:.\Generated_Source\PSoC4/I2CM_I2C.c **** 
 238:.\Generated_Source\PSoC4/I2CM_I2C.c ****         /* Configure global variables */
 239:.\Generated_Source\PSoC4/I2CM_I2C.c ****         I2CM_state = I2CM_I2C_FSM_IDLE;
 100              		.loc 1 239 0
 101 006c 164B     		ldr	r3, .L2+64
 102 006e 1022     		mov	r2, #16
 103 0070 1A70     		strb	r2, [r3]
ARM GAS  C:\Users\humon\AppData\Local\Temp\cc6IJ6Tm.s 			page 7


 240:.\Generated_Source\PSoC4/I2CM_I2C.c **** 
 241:.\Generated_Source\PSoC4/I2CM_I2C.c ****     #if(I2CM_I2C_SLAVE)
 242:.\Generated_Source\PSoC4/I2CM_I2C.c ****         /* Internal slave variable */
 243:.\Generated_Source\PSoC4/I2CM_I2C.c ****         I2CM_slStatus        = 0u;
 244:.\Generated_Source\PSoC4/I2CM_I2C.c ****         I2CM_slRdBufIndex    = 0u;
 245:.\Generated_Source\PSoC4/I2CM_I2C.c ****         I2CM_slWrBufIndex    = 0u;
 246:.\Generated_Source\PSoC4/I2CM_I2C.c ****         I2CM_slOverFlowCount = 0u;
 247:.\Generated_Source\PSoC4/I2CM_I2C.c ****     #endif /* (I2CM_I2C_SLAVE) */
 248:.\Generated_Source\PSoC4/I2CM_I2C.c **** 
 249:.\Generated_Source\PSoC4/I2CM_I2C.c ****     #if(I2CM_I2C_MASTER)
 250:.\Generated_Source\PSoC4/I2CM_I2C.c ****     /* Internal master variable */
 251:.\Generated_Source\PSoC4/I2CM_I2C.c ****         I2CM_mstrStatus     = 0u;
 104              		.loc 1 251 0
 105 0072 164B     		ldr	r3, .L2+68
 106 0074 0022     		mov	r2, #0
 107 0076 1A80     		strh	r2, [r3]
 252:.\Generated_Source\PSoC4/I2CM_I2C.c ****         I2CM_mstrRdBufIndex = 0u;
 108              		.loc 1 252 0
 109 0078 154B     		ldr	r3, .L2+72
 110 007a 0022     		mov	r2, #0
 111 007c 1A60     		str	r2, [r3]
 253:.\Generated_Source\PSoC4/I2CM_I2C.c ****         I2CM_mstrWrBufIndex = 0u;
 112              		.loc 1 253 0
 113 007e 154B     		ldr	r3, .L2+76
 114 0080 0022     		mov	r2, #0
 115 0082 1A60     		str	r2, [r3]
 254:.\Generated_Source\PSoC4/I2CM_I2C.c ****     #endif /* (I2CM_I2C_MASTER) */
 255:.\Generated_Source\PSoC4/I2CM_I2C.c ****     }
 116              		.loc 1 255 0
 117 0084 BD46     		mov	sp, r7
 118              		@ sp needed
 119 0086 80BD     		pop	{r7, pc}
 120              	.L3:
 121              		.align	2
 122              	.L2:
 123 0088 00002540 		.word	1076166656
 124 008c 60002540 		.word	1076166752
 125 0090 77080080 		.word	-2147481481
 126 0094 00032540 		.word	1076167424
 127 0098 07010080 		.word	-2147483385
 128 009c 04032540 		.word	1076167428
 129 00a0 10032540 		.word	1076167440
 130 00a4 00022540 		.word	1076167168
 131 00a8 04022540 		.word	1076167172
 132 00ac 00000000 		.word	I2CM_I2C_ISR
 133 00b0 C80E2540 		.word	1076170440
 134 00b4 880E2540 		.word	1076170376
 135 00b8 480F2540 		.word	1076170568
 136 00bc 080F2540 		.word	1076170504
 137 00c0 C80F2540 		.word	1076170696
 138 00c4 880F2540 		.word	1076170632
 139 00c8 00000000 		.word	I2CM_state
 140 00cc 00000000 		.word	I2CM_mstrStatus
 141 00d0 00000000 		.word	I2CM_mstrRdBufIndex
 142 00d4 00000000 		.word	I2CM_mstrWrBufIndex
 143              		.cfi_endproc
 144              	.LFE2:
ARM GAS  C:\Users\humon\AppData\Local\Temp\cc6IJ6Tm.s 			page 8


 145              		.size	I2CM_I2CInit, .-I2CM_I2CInit
 146              		.section	.text.I2CM_I2CStop,"ax",%progbits
 147              		.align	2
 148              		.global	I2CM_I2CStop
 149              		.code	16
 150              		.thumb_func
 151              		.type	I2CM_I2CStop, %function
 152              	I2CM_I2CStop:
 153              	.LFB3:
 256:.\Generated_Source\PSoC4/I2CM_I2C.c **** #endif /* (I2CM_SCB_MODE_UNCONFIG_CONST_CFG) */
 257:.\Generated_Source\PSoC4/I2CM_I2C.c **** 
 258:.\Generated_Source\PSoC4/I2CM_I2C.c **** 
 259:.\Generated_Source\PSoC4/I2CM_I2C.c **** /*******************************************************************************
 260:.\Generated_Source\PSoC4/I2CM_I2C.c **** * Function Name: I2CM_I2CStop
 261:.\Generated_Source\PSoC4/I2CM_I2C.c **** ****************************************************************************//**
 262:.\Generated_Source\PSoC4/I2CM_I2C.c **** *
 263:.\Generated_Source\PSoC4/I2CM_I2C.c **** *  Resets the I2C FSM into the default state.
 264:.\Generated_Source\PSoC4/I2CM_I2C.c **** *
 265:.\Generated_Source\PSoC4/I2CM_I2C.c **** *******************************************************************************/
 266:.\Generated_Source\PSoC4/I2CM_I2C.c **** void I2CM_I2CStop(void)
 267:.\Generated_Source\PSoC4/I2CM_I2C.c **** {
 154              		.loc 1 267 0
 155              		.cfi_startproc
 156 0000 80B5     		push	{r7, lr}
 157              		.cfi_def_cfa_offset 8
 158              		.cfi_offset 7, -8
 159              		.cfi_offset 14, -4
 160 0002 00AF     		add	r7, sp, #0
 161              		.cfi_def_cfa_register 7
 268:.\Generated_Source\PSoC4/I2CM_I2C.c ****     I2CM_state = I2CM_I2C_FSM_IDLE;
 162              		.loc 1 268 0
 163 0004 024B     		ldr	r3, .L5
 164 0006 1022     		mov	r2, #16
 165 0008 1A70     		strb	r2, [r3]
 269:.\Generated_Source\PSoC4/I2CM_I2C.c **** }
 166              		.loc 1 269 0
 167 000a BD46     		mov	sp, r7
 168              		@ sp needed
 169 000c 80BD     		pop	{r7, pc}
 170              	.L6:
 171 000e C046     		.align	2
 172              	.L5:
 173 0010 00000000 		.word	I2CM_state
 174              		.cfi_endproc
 175              	.LFE3:
 176              		.size	I2CM_I2CStop, .-I2CM_I2CStop
 177              		.text
 178              	.Letext0:
 179              		.file 2 "Generated_Source\\PSoC4/cytypes.h"
 180              		.file 3 ".\\Generated_Source\\PSoC4\\I2CM_I2C_PVT.h"
 181              		.section	.debug_info,"",%progbits
 182              	.Ldebug_info0:
 183 0000 18010000 		.4byte	0x118
 184 0004 0400     		.2byte	0x4
 185 0006 00000000 		.4byte	.Ldebug_abbrev0
 186 000a 04       		.byte	0x4
 187 000b 01       		.uleb128 0x1
ARM GAS  C:\Users\humon\AppData\Local\Temp\cc6IJ6Tm.s 			page 9


 188 000c 86000000 		.4byte	.LASF23
 189 0010 01       		.byte	0x1
 190 0011 27010000 		.4byte	.LASF24
 191 0015 AE010000 		.4byte	.LASF25
 192 0019 00000000 		.4byte	.Ldebug_ranges0+0
 193 001d 00000000 		.4byte	0
 194 0021 00000000 		.4byte	.Ldebug_line0
 195 0025 02       		.uleb128 0x2
 196 0026 01       		.byte	0x1
 197 0027 06       		.byte	0x6
 198 0028 8F010000 		.4byte	.LASF0
 199 002c 02       		.uleb128 0x2
 200 002d 01       		.byte	0x1
 201 002e 08       		.byte	0x8
 202 002f 14010000 		.4byte	.LASF1
 203 0033 02       		.uleb128 0x2
 204 0034 02       		.byte	0x2
 205 0035 05       		.byte	0x5
 206 0036 03020000 		.4byte	.LASF2
 207 003a 02       		.uleb128 0x2
 208 003b 02       		.byte	0x2
 209 003c 07       		.byte	0x7
 210 003d 7C010000 		.4byte	.LASF3
 211 0041 02       		.uleb128 0x2
 212 0042 04       		.byte	0x4
 213 0043 05       		.byte	0x5
 214 0044 4B010000 		.4byte	.LASF4
 215 0048 02       		.uleb128 0x2
 216 0049 04       		.byte	0x4
 217 004a 07       		.byte	0x7
 218 004b 3C000000 		.4byte	.LASF5
 219 004f 02       		.uleb128 0x2
 220 0050 08       		.byte	0x8
 221 0051 05       		.byte	0x5
 222 0052 00000000 		.4byte	.LASF6
 223 0056 02       		.uleb128 0x2
 224 0057 08       		.byte	0x8
 225 0058 07       		.byte	0x7
 226 0059 4E000000 		.4byte	.LASF7
 227 005d 03       		.uleb128 0x3
 228 005e 04       		.byte	0x4
 229 005f 05       		.byte	0x5
 230 0060 696E7400 		.ascii	"int\000"
 231 0064 02       		.uleb128 0x2
 232 0065 04       		.byte	0x4
 233 0066 07       		.byte	0x7
 234 0067 15000000 		.4byte	.LASF8
 235 006b 04       		.uleb128 0x4
 236 006c 36000000 		.4byte	.LASF9
 237 0070 02       		.byte	0x2
 238 0071 9801     		.2byte	0x198
 239 0073 2C000000 		.4byte	0x2c
 240 0077 04       		.uleb128 0x4
 241 0078 0D020000 		.4byte	.LASF10
 242 007c 02       		.byte	0x2
 243 007d 9901     		.2byte	0x199
 244 007f 3A000000 		.4byte	0x3a
ARM GAS  C:\Users\humon\AppData\Local\Temp\cc6IJ6Tm.s 			page 10


 245 0083 04       		.uleb128 0x4
 246 0084 0E000000 		.4byte	.LASF11
 247 0088 02       		.byte	0x2
 248 0089 9A01     		.2byte	0x19a
 249 008b 48000000 		.4byte	0x48
 250 008f 02       		.uleb128 0x2
 251 0090 04       		.byte	0x4
 252 0091 04       		.byte	0x4
 253 0092 A8010000 		.4byte	.LASF12
 254 0096 02       		.uleb128 0x2
 255 0097 08       		.byte	0x8
 256 0098 04       		.byte	0x4
 257 0099 6F010000 		.4byte	.LASF13
 258 009d 02       		.uleb128 0x2
 259 009e 01       		.byte	0x1
 260 009f 08       		.byte	0x8
 261 00a0 22010000 		.4byte	.LASF14
 262 00a4 05       		.uleb128 0x5
 263 00a5 6B000000 		.4byte	0x6b
 264 00a9 05       		.uleb128 0x5
 265 00aa 77000000 		.4byte	0x77
 266 00ae 04       		.uleb128 0x4
 267 00af 76010000 		.4byte	.LASF15
 268 00b3 02       		.byte	0x2
 269 00b4 4402     		.2byte	0x244
 270 00b6 BA000000 		.4byte	0xba
 271 00ba 05       		.uleb128 0x5
 272 00bb 83000000 		.4byte	0x83
 273 00bf 02       		.uleb128 0x2
 274 00c0 04       		.byte	0x4
 275 00c1 07       		.byte	0x7
 276 00c2 14020000 		.4byte	.LASF16
 277 00c6 06       		.uleb128 0x6
 278 00c7 65000000 		.4byte	.LASF17
 279 00cb 01       		.byte	0x1
 280 00cc C3       		.byte	0xc3
 281 00cd 00000000 		.4byte	.LFB2
 282 00d1 D8000000 		.4byte	.LFE2-.LFB2
 283 00d5 01       		.uleb128 0x1
 284 00d6 9C       		.byte	0x9c
 285 00d7 07       		.uleb128 0x7
 286 00d8 9B010000 		.4byte	.LASF18
 287 00dc 01       		.byte	0x1
 288 00dd 0A01     		.2byte	0x10a
 289 00df 00000000 		.4byte	.LFB3
 290 00e3 14000000 		.4byte	.LFE3-.LFB3
 291 00e7 01       		.uleb128 0x1
 292 00e8 9C       		.byte	0x9c
 293 00e9 08       		.uleb128 0x8
 294 00ea 64010000 		.4byte	.LASF19
 295 00ee 01       		.byte	0x1
 296 00ef 1B       		.byte	0x1b
 297 00f0 A4000000 		.4byte	0xa4
 298 00f4 05       		.uleb128 0x5
 299 00f5 03       		.byte	0x3
 300 00f6 00000000 		.4byte	I2CM_state
 301 00fa 09       		.uleb128 0x9
ARM GAS  C:\Users\humon\AppData\Local\Temp\cc6IJ6Tm.s 			page 11


 302 00fb 54010000 		.4byte	.LASF20
 303 00ff 03       		.byte	0x3
 304 0100 31       		.byte	0x31
 305 0101 A9000000 		.4byte	0xa9
 306 0105 09       		.uleb128 0x9
 307 0106 72000000 		.4byte	.LASF21
 308 010a 03       		.byte	0x3
 309 010b 37       		.byte	0x37
 310 010c BA000000 		.4byte	0xba
 311 0110 09       		.uleb128 0x9
 312 0111 22000000 		.4byte	.LASF22
 313 0115 03       		.byte	0x3
 314 0116 3C       		.byte	0x3c
 315 0117 BA000000 		.4byte	0xba
 316 011b 00       		.byte	0
 317              		.section	.debug_abbrev,"",%progbits
 318              	.Ldebug_abbrev0:
 319 0000 01       		.uleb128 0x1
 320 0001 11       		.uleb128 0x11
 321 0002 01       		.byte	0x1
 322 0003 25       		.uleb128 0x25
 323 0004 0E       		.uleb128 0xe
 324 0005 13       		.uleb128 0x13
 325 0006 0B       		.uleb128 0xb
 326 0007 03       		.uleb128 0x3
 327 0008 0E       		.uleb128 0xe
 328 0009 1B       		.uleb128 0x1b
 329 000a 0E       		.uleb128 0xe
 330 000b 55       		.uleb128 0x55
 331 000c 17       		.uleb128 0x17
 332 000d 11       		.uleb128 0x11
 333 000e 01       		.uleb128 0x1
 334 000f 10       		.uleb128 0x10
 335 0010 17       		.uleb128 0x17
 336 0011 00       		.byte	0
 337 0012 00       		.byte	0
 338 0013 02       		.uleb128 0x2
 339 0014 24       		.uleb128 0x24
 340 0015 00       		.byte	0
 341 0016 0B       		.uleb128 0xb
 342 0017 0B       		.uleb128 0xb
 343 0018 3E       		.uleb128 0x3e
 344 0019 0B       		.uleb128 0xb
 345 001a 03       		.uleb128 0x3
 346 001b 0E       		.uleb128 0xe
 347 001c 00       		.byte	0
 348 001d 00       		.byte	0
 349 001e 03       		.uleb128 0x3
 350 001f 24       		.uleb128 0x24
 351 0020 00       		.byte	0
 352 0021 0B       		.uleb128 0xb
 353 0022 0B       		.uleb128 0xb
 354 0023 3E       		.uleb128 0x3e
 355 0024 0B       		.uleb128 0xb
 356 0025 03       		.uleb128 0x3
 357 0026 08       		.uleb128 0x8
 358 0027 00       		.byte	0
ARM GAS  C:\Users\humon\AppData\Local\Temp\cc6IJ6Tm.s 			page 12


 359 0028 00       		.byte	0
 360 0029 04       		.uleb128 0x4
 361 002a 16       		.uleb128 0x16
 362 002b 00       		.byte	0
 363 002c 03       		.uleb128 0x3
 364 002d 0E       		.uleb128 0xe
 365 002e 3A       		.uleb128 0x3a
 366 002f 0B       		.uleb128 0xb
 367 0030 3B       		.uleb128 0x3b
 368 0031 05       		.uleb128 0x5
 369 0032 49       		.uleb128 0x49
 370 0033 13       		.uleb128 0x13
 371 0034 00       		.byte	0
 372 0035 00       		.byte	0
 373 0036 05       		.uleb128 0x5
 374 0037 35       		.uleb128 0x35
 375 0038 00       		.byte	0
 376 0039 49       		.uleb128 0x49
 377 003a 13       		.uleb128 0x13
 378 003b 00       		.byte	0
 379 003c 00       		.byte	0
 380 003d 06       		.uleb128 0x6
 381 003e 2E       		.uleb128 0x2e
 382 003f 00       		.byte	0
 383 0040 3F       		.uleb128 0x3f
 384 0041 19       		.uleb128 0x19
 385 0042 03       		.uleb128 0x3
 386 0043 0E       		.uleb128 0xe
 387 0044 3A       		.uleb128 0x3a
 388 0045 0B       		.uleb128 0xb
 389 0046 3B       		.uleb128 0x3b
 390 0047 0B       		.uleb128 0xb
 391 0048 27       		.uleb128 0x27
 392 0049 19       		.uleb128 0x19
 393 004a 11       		.uleb128 0x11
 394 004b 01       		.uleb128 0x1
 395 004c 12       		.uleb128 0x12
 396 004d 06       		.uleb128 0x6
 397 004e 40       		.uleb128 0x40
 398 004f 18       		.uleb128 0x18
 399 0050 9642     		.uleb128 0x2116
 400 0052 19       		.uleb128 0x19
 401 0053 00       		.byte	0
 402 0054 00       		.byte	0
 403 0055 07       		.uleb128 0x7
 404 0056 2E       		.uleb128 0x2e
 405 0057 00       		.byte	0
 406 0058 3F       		.uleb128 0x3f
 407 0059 19       		.uleb128 0x19
 408 005a 03       		.uleb128 0x3
 409 005b 0E       		.uleb128 0xe
 410 005c 3A       		.uleb128 0x3a
 411 005d 0B       		.uleb128 0xb
 412 005e 3B       		.uleb128 0x3b
 413 005f 05       		.uleb128 0x5
 414 0060 27       		.uleb128 0x27
 415 0061 19       		.uleb128 0x19
ARM GAS  C:\Users\humon\AppData\Local\Temp\cc6IJ6Tm.s 			page 13


 416 0062 11       		.uleb128 0x11
 417 0063 01       		.uleb128 0x1
 418 0064 12       		.uleb128 0x12
 419 0065 06       		.uleb128 0x6
 420 0066 40       		.uleb128 0x40
 421 0067 18       		.uleb128 0x18
 422 0068 9742     		.uleb128 0x2117
 423 006a 19       		.uleb128 0x19
 424 006b 00       		.byte	0
 425 006c 00       		.byte	0
 426 006d 08       		.uleb128 0x8
 427 006e 34       		.uleb128 0x34
 428 006f 00       		.byte	0
 429 0070 03       		.uleb128 0x3
 430 0071 0E       		.uleb128 0xe
 431 0072 3A       		.uleb128 0x3a
 432 0073 0B       		.uleb128 0xb
 433 0074 3B       		.uleb128 0x3b
 434 0075 0B       		.uleb128 0xb
 435 0076 49       		.uleb128 0x49
 436 0077 13       		.uleb128 0x13
 437 0078 3F       		.uleb128 0x3f
 438 0079 19       		.uleb128 0x19
 439 007a 02       		.uleb128 0x2
 440 007b 18       		.uleb128 0x18
 441 007c 00       		.byte	0
 442 007d 00       		.byte	0
 443 007e 09       		.uleb128 0x9
 444 007f 34       		.uleb128 0x34
 445 0080 00       		.byte	0
 446 0081 03       		.uleb128 0x3
 447 0082 0E       		.uleb128 0xe
 448 0083 3A       		.uleb128 0x3a
 449 0084 0B       		.uleb128 0xb
 450 0085 3B       		.uleb128 0x3b
 451 0086 0B       		.uleb128 0xb
 452 0087 49       		.uleb128 0x49
 453 0088 13       		.uleb128 0x13
 454 0089 3F       		.uleb128 0x3f
 455 008a 19       		.uleb128 0x19
 456 008b 3C       		.uleb128 0x3c
 457 008c 19       		.uleb128 0x19
 458 008d 00       		.byte	0
 459 008e 00       		.byte	0
 460 008f 00       		.byte	0
 461              		.section	.debug_aranges,"",%progbits
 462 0000 24000000 		.4byte	0x24
 463 0004 0200     		.2byte	0x2
 464 0006 00000000 		.4byte	.Ldebug_info0
 465 000a 04       		.byte	0x4
 466 000b 00       		.byte	0
 467 000c 0000     		.2byte	0
 468 000e 0000     		.2byte	0
 469 0010 00000000 		.4byte	.LFB2
 470 0014 D8000000 		.4byte	.LFE2-.LFB2
 471 0018 00000000 		.4byte	.LFB3
 472 001c 14000000 		.4byte	.LFE3-.LFB3
ARM GAS  C:\Users\humon\AppData\Local\Temp\cc6IJ6Tm.s 			page 14


 473 0020 00000000 		.4byte	0
 474 0024 00000000 		.4byte	0
 475              		.section	.debug_ranges,"",%progbits
 476              	.Ldebug_ranges0:
 477 0000 00000000 		.4byte	.LFB2
 478 0004 D8000000 		.4byte	.LFE2
 479 0008 00000000 		.4byte	.LFB3
 480 000c 14000000 		.4byte	.LFE3
 481 0010 00000000 		.4byte	0
 482 0014 00000000 		.4byte	0
 483              		.section	.debug_line,"",%progbits
 484              	.Ldebug_line0:
 485 0000 B1000000 		.section	.debug_str,"MS",%progbits,1
 485      02007000 
 485      00000201 
 485      FB0E0D00 
 485      01010101 
 486              	.LASF6:
 487 0000 6C6F6E67 		.ascii	"long long int\000"
 487      206C6F6E 
 487      6720696E 
 487      7400
 488              	.LASF11:
 489 000e 75696E74 		.ascii	"uint32\000"
 489      333200
 490              	.LASF8:
 491 0015 756E7369 		.ascii	"unsigned int\000"
 491      676E6564 
 491      20696E74 
 491      00
 492              	.LASF22:
 493 0022 4932434D 		.ascii	"I2CM_mstrWrBufIndex\000"
 493      5F6D7374 
 493      72577242 
 493      7566496E 
 493      64657800 
 494              	.LASF9:
 495 0036 75696E74 		.ascii	"uint8\000"
 495      3800
 496              	.LASF5:
 497 003c 6C6F6E67 		.ascii	"long unsigned int\000"
 497      20756E73 
 497      69676E65 
 497      6420696E 
 497      7400
 498              	.LASF7:
 499 004e 6C6F6E67 		.ascii	"long long unsigned int\000"
 499      206C6F6E 
 499      6720756E 
 499      7369676E 
 499      65642069 
 500              	.LASF17:
 501 0065 4932434D 		.ascii	"I2CM_I2CInit\000"
 501      5F493243 
 501      496E6974 
 501      00
 502              	.LASF21:
ARM GAS  C:\Users\humon\AppData\Local\Temp\cc6IJ6Tm.s 			page 15


 503 0072 4932434D 		.ascii	"I2CM_mstrRdBufIndex\000"
 503      5F6D7374 
 503      72526442 
 503      7566496E 
 503      64657800 
 504              	.LASF23:
 505 0086 474E5520 		.ascii	"GNU C 4.9.3 20150303 (release) [ARM/embedded-4_9-br"
 505      4320342E 
 505      392E3320 
 505      32303135 
 505      30333033 
 506 00b9 616E6368 		.ascii	"anch revision 221220] -mcpu=cortex-m0 -mthumb -g -O"
 506      20726576 
 506      6973696F 
 506      6E203232 
 506      31323230 
 507 00ec 30202D66 		.ascii	"0 -ffunction-sections -ffat-lto-objects\000"
 507      66756E63 
 507      74696F6E 
 507      2D736563 
 507      74696F6E 
 508              	.LASF1:
 509 0114 756E7369 		.ascii	"unsigned char\000"
 509      676E6564 
 509      20636861 
 509      7200
 510              	.LASF14:
 511 0122 63686172 		.ascii	"char\000"
 511      00
 512              	.LASF24:
 513 0127 2E5C4765 		.ascii	".\\Generated_Source\\PSoC4\\I2CM_I2C.c\000"
 513      6E657261 
 513      7465645F 
 513      536F7572 
 513      63655C50 
 514              	.LASF4:
 515 014b 6C6F6E67 		.ascii	"long int\000"
 515      20696E74 
 515      00
 516              	.LASF20:
 517 0154 4932434D 		.ascii	"I2CM_mstrStatus\000"
 517      5F6D7374 
 517      72537461 
 517      74757300 
 518              	.LASF19:
 519 0164 4932434D 		.ascii	"I2CM_state\000"
 519      5F737461 
 519      746500
 520              	.LASF13:
 521 016f 646F7562 		.ascii	"double\000"
 521      6C6500
 522              	.LASF15:
 523 0176 72656733 		.ascii	"reg32\000"
 523      3200
 524              	.LASF3:
 525 017c 73686F72 		.ascii	"short unsigned int\000"
 525      7420756E 
ARM GAS  C:\Users\humon\AppData\Local\Temp\cc6IJ6Tm.s 			page 16


 525      7369676E 
 525      65642069 
 525      6E7400
 526              	.LASF0:
 527 018f 7369676E 		.ascii	"signed char\000"
 527      65642063 
 527      68617200 
 528              	.LASF18:
 529 019b 4932434D 		.ascii	"I2CM_I2CStop\000"
 529      5F493243 
 529      53746F70 
 529      00
 530              	.LASF12:
 531 01a8 666C6F61 		.ascii	"float\000"
 531      7400
 532              	.LASF25:
 533 01ae 433A5C55 		.ascii	"C:\\Users\\humon\\Desktop\\CypressMinimal\\MinimalF"
 533      73657273 
 533      5C68756D 
 533      6F6E5C44 
 533      65736B74 
 534 01dc 69726D77 		.ascii	"irmwareWorkspace\\MinimalFirmware.cydsn\000"
 534      61726557 
 534      6F726B73 
 534      70616365 
 534      5C4D696E 
 535              	.LASF2:
 536 0203 73686F72 		.ascii	"short int\000"
 536      7420696E 
 536      7400
 537              	.LASF10:
 538 020d 75696E74 		.ascii	"uint16\000"
 538      313600
 539              	.LASF16:
 540 0214 73697A65 		.ascii	"sizetype\000"
 540      74797065 
 540      00
 541              		.ident	"GCC: (GNU Tools for ARM Embedded Processors) 4.9.3 20150303 (release) [ARM/embedded-4_9-br
